// Vitest Snapshot v1, https://vitest.dev/guide/snapshot.html

exports[`App component > renders magnificent monkeys 1`] = `
<div>
  <div
    class="App"
  >
    <div
      class="Main"
    >
      <aside>
        <div
          class="profile-card"
        >
          <img
            alt="profile"
            src="/Website-Portfolio/src/assets/profile-small.webp"
            srcset="/Website-Portfolio/src/assets/profile-small.webp 200w, /Website-Portfolio/src/assets/profile-large.webp 300w"
          />
          <div
            class="profile-name"
          >
            <h2>
              Seamor Estrabon
            </h2>
            <h4>
              Front-End Developer
            </h4>
          </div>
          <hr
            class="divider-line"
          />
        </div>
        <div
          class="profile-details"
        >
          <div
            class="profile-detail email"
          >
            <img
              alt="Email"
              loading="lazy"
              src="data:image/svg+xml,%3c?xml%20version='1.0'%20encoding='utf-8'?%3e%3c!--%20Uploaded%20to:%20SVG%20Repo,%20www.svgrepo.com,%20Generator:%20SVG%20Repo%20Mixer%20Tools%20--%3e%3csvg%20width='800px'%20height='800px'%20viewBox='0%200%2048%2048'%20xmlns='http://www.w3.org/2000/svg'%3e%3ctitle%3e70%20Basic%20icons%20by%20Xicons.co%3c/title%3e%3crect%20y='6'%20width='48'%20height='36'%20rx='2'%20ry='2'%20fill='%2338b1e7'/%3e%3cpath%20d='M47.84,40.56A2.11,2.11,0,0,1,46,41.9L2,42H2A2,2,0,0,1,.15,40.78a2,2,0,0,1,.44-2.16L17.88,21.73a9.23,9.23,0,0,1,12.56.07L47.4,38.41A2,2,0,0,1,47.84,40.56Z'%20fill='%23299acc'/%3e%3cpath%20d='M47.84,7.44A2.11,2.11,0,0,0,46,6.1L2,6H2A2,2,0,0,0,.15,7.22,2,2,0,0,0,.59,9.38L17.88,26.27a9.23,9.23,0,0,0,12.56-.07L47.4,9.59A2,2,0,0,0,47.84,7.44Z'%20fill='%236ac1e7'/%3e%3c/svg%3e"
            />
            <div
              class="detail-info"
            >
              <h5>
                Email
                : 
              </h5>
              <p>
                seamorestrabon@gmail.com
              </p>
            </div>
          </div>
          <div
            class="profile-detail phone"
          >
            <img
              alt="Phone"
              loading="lazy"
              src="data:image/svg+xml,%3c?xml%20version='1.0'%20encoding='utf-8'?%3e%3c!--%20Uploaded%20to:%20SVG%20Repo,%20www.svgrepo.com,%20Generator:%20SVG%20Repo%20Mixer%20Tools%20--%3e%3csvg%20width='800px'%20height='800px'%20viewBox='0%200%2048%2048'%20xmlns='http://www.w3.org/2000/svg'%3e%3ctitle%3e70%20Basic%20icons%20by%20Xicons.co%3c/title%3e%3cpath%20d='M13,2H35a2,2,0,0,1,2,2V42a4,4,0,0,1-4,4H15a4,4,0,0,1-4-4V4A2,2,0,0,1,13,2Z'%20fill='%23d7dadb'/%3e%3cpath%20d='M24,39a2,2,0,1,0,2,2,2,2,0,0,0-2-2h0Z'%20fill='%239ca3a7'/%3e%3crect%20x='11'%20y='9'%20width='26'%20height='28'%20fill='%23495660'/%3e%3cpath%20d='M26,7H22a1,1,0,0,1,0-2h4A1,1,0,0,1,26,7Z'%20fill='%239ca3a7'/%3e%3c/svg%3e"
            />
            <div
              class="detail-info"
            >
              <h5>
                Phone
                : 
              </h5>
              <p>
                +639270664116
              </p>
            </div>
          </div>
          <div
            class="profile-detail birthdate"
          >
            <img
              alt="Birthdate"
              loading="lazy"
              src="data:image/svg+xml,%3c?xml%20version='1.0'%20encoding='utf-8'?%3e%3c!--%20Uploaded%20to:%20SVG%20Repo,%20www.svgrepo.com,%20Generator:%20SVG%20Repo%20Mixer%20Tools%20--%3e%3csvg%20width='800px'%20height='800px'%20viewBox='0%200%2048%2048'%20xmlns='http://www.w3.org/2000/svg'%3e%3ctitle%3e70%20Basic%20icons%20by%20Xicons.co%3c/title%3e%3cpath%20d='M3,20H45a0,0,0,0,1,0,0V40a4,4,0,0,1-4,4H7a4,4,0,0,1-4-4V20A0,0,0,0,1,3,20Z'%20fill='%23f0f0f1'/%3e%3cpath%20d='M41,6H7a4,4,0,0,0-4,4V20H45V10A4,4,0,0,0,41,6Z'%20fill='%23ec5044'/%3e%3cpath%20d='M14,13a2,2,0,0,1-2-2V3a2,2,0,0,1,4,0v8A2,2,0,0,1,14,13Z'%20fill='%23495660'/%3e%3cpath%20d='M34,13a2,2,0,0,1-2-2V3a2,2,0,0,1,4,0v8A2,2,0,0,1,34,13Z'%20fill='%23495660'/%3e%3cpath%20d='M21.39,38.5A2,2,0,0,1,20,37.9l-5.39-5.53a2,2,0,0,1,2.87-2.79l4,4.12L30.63,25A2,2,0,0,1,33.37,28L22.76,38A2,2,0,0,1,21.39,38.5Z'%20fill='%23495660'/%3e%3c/svg%3e"
            />
            <div
              class="detail-info"
            >
              <h5>
                Birthdate
                : 
              </h5>
              <p>
                December 11, 1996
              </p>
            </div>
          </div>
          <div
            class="profile-detail address"
          >
            <img
              alt="Address"
              loading="lazy"
              src="data:image/svg+xml,%3c?xml%20version='1.0'%20encoding='utf-8'?%3e%3c!--%20Uploaded%20to:%20SVG%20Repo,%20www.svgrepo.com,%20Generator:%20SVG%20Repo%20Mixer%20Tools%20--%3e%3csvg%20width='800px'%20height='800px'%20viewBox='0%200%2048%2048'%20xmlns='http://www.w3.org/2000/svg'%3e%3ctitle%3e70%20Basic%20icons%20by%20Xicons.co%3c/title%3e%3cpath%20d='M24,1.32c-9.92,0-18,7.8-18,17.38A16.83,16.83,0,0,0,9.57,29.09l12.84,16.8a2,2,0,0,0,3.18,0l12.84-16.8A16.84,16.84,0,0,0,42,18.7C42,9.12,33.92,1.32,24,1.32Z'%20fill='%23ec5044'/%3e%3cpath%20d='M25.37,12.13a7,7,0,1,0,5.5,5.5A7,7,0,0,0,25.37,12.13Z'%20fill='%23a1362e'/%3e%3c/svg%3e"
            />
            <div
              class="detail-info"
            >
              <h5>
                Address
                : 
              </h5>
              <p>
                Bacolod City, Philippines
              </p>
            </div>
          </div>
        </div>
        <hr
          class="divider-line"
        />
        <div
          class="profile-socials"
        >
          <a
            href="https://www.linkedin.com/in/seamor-estrabon-771247172/"
            rel="noopener noreferrer"
            target="_blank"
          >
            <img
              alt="LinkedIn"
              loading="lazy"
              src="data:image/svg+xml,%3csvg%20xmlns='http://www.w3.org/2000/svg'%20viewBox='0%200%2024%2024'%3e%3cpath%20d='M19%203A2%202%200%200%201%2021%205V19A2%202%200%200%201%2019%2021H5A2%202%200%200%201%203%2019V5A2%202%200%200%201%205%203H19M18.5%2018.5V13.2A3.26%203.26%200%200%200%2015.24%209.94C14.39%209.94%2013.4%2010.46%2012.92%2011.24V10.13H10.13V18.5H12.92V13.57C12.92%2012.8%2013.54%2012.17%2014.31%2012.17A1.4%201.4%200%200%201%2015.71%2013.57V18.5H18.5M6.88%208.56A1.68%201.68%200%200%200%208.56%206.88C8.56%205.95%207.81%205.19%206.88%205.19A1.69%201.69%200%200%200%205.19%206.88C5.19%207.81%205.95%208.56%206.88%208.56M8.27%2018.5V10.13H5.5V18.5H8.27Z'%20/%3e%3c/svg%3e"
            />
          </a>
          <a
            href="https://github.com/CeeZ-11"
            rel="noopener noreferrer"
            target="_blank"
          >
            <img
              alt="GitHub"
              loading="lazy"
              src="data:image/svg+xml,%3csvg%20xmlns='http://www.w3.org/2000/svg'%20viewBox='0%200%2024%2024'%3e%3cpath%20d='M12,2A10,10%200%200,0%202,12C2,16.42%204.87,20.17%208.84,21.5C9.34,21.58%209.5,21.27%209.5,21C9.5,20.77%209.5,20.14%209.5,19.31C6.73,19.91%206.14,17.97%206.14,17.97C5.68,16.81%205.03,16.5%205.03,16.5C4.12,15.88%205.1,15.9%205.1,15.9C6.1,15.97%206.63,16.93%206.63,16.93C7.5,18.45%208.97,18%209.54,17.76C9.63,17.11%209.89,16.67%2010.17,16.42C7.95,16.17%205.62,15.31%205.62,11.5C5.62,10.39%206,9.5%206.65,8.79C6.55,8.54%206.2,7.5%206.75,6.15C6.75,6.15%207.59,5.88%209.5,7.17C10.29,6.95%2011.15,6.84%2012,6.84C12.85,6.84%2013.71,6.95%2014.5,7.17C16.41,5.88%2017.25,6.15%2017.25,6.15C17.8,7.5%2017.45,8.54%2017.35,8.79C18,9.5%2018.38,10.39%2018.38,11.5C18.38,15.32%2016.04,16.16%2013.81,16.41C14.17,16.72%2014.5,17.33%2014.5,18.26C14.5,19.6%2014.5,20.68%2014.5,21C14.5,21.27%2014.66,21.59%2015.17,21.5C19.14,20.16%2022,16.42%2022,12A10,10%200%200,0%2012,2Z'%20/%3e%3c/svg%3e"
            />
          </a>
          <a
            href="https://www.facebook.com/seaznoquera2/"
            rel="noopener noreferrer"
            target="_blank"
          >
            <img
              alt="Facebook"
              loading="lazy"
              src="data:image/svg+xml,%3csvg%20xmlns='http://www.w3.org/2000/svg'%20viewBox='0%200%2024%2024'%3e%3cpath%20d='M12%202.04C6.5%202.04%202%206.53%202%2012.06C2%2017.06%205.66%2021.21%2010.44%2021.96V14.96H7.9V12.06H10.44V9.85C10.44%207.34%2011.93%205.96%2014.22%205.96C15.31%205.96%2016.45%206.15%2016.45%206.15V8.62H15.19C13.95%208.62%2013.56%209.39%2013.56%2010.18V12.06H16.34L15.89%2014.96H13.56V21.96A10%2010%200%200%200%2022%2012.06C22%206.53%2017.5%202.04%2012%202.04Z'%20/%3e%3c/svg%3e"
            />
          </a>
        </div>
      </aside>
      <main>
        <h1>
          Main
        </h1>
      </main>
    </div>
    <button
      type="button"
    >
      Click Me
    </button>
    <h1>
      Magnificent Monkeys
    </h1>
  </div>
</div>
`;
